
> frontend@0.0.0 build
> vite build

[36mvite v7.3.1 [32mbuilding client environment for production...[36m[39m
transforming...
[32mΓ£ô[39m 491 modules transformed.
node.exe : [31mΓ£ù[39m Build 
failed in 1.35s
At line:1 char:1
+ & "C:\Program 
Files\nodejs/node.exe" 
"C:\Program Files\nodejs/node_mo 
...
+ ~~~~~~~~~~~~~~~~~~~~~~~~~~~~~~~
~~~~~~~~~~~~~~~~~~~~~~~~~~~~~~~~~
~~~~~
    + CategoryInfo          : No 
   tSpecified: ([31mΓ£ù[39m B  
  uild failed in 1.35s:String)   
  [], RemoteException
    + FullyQualifiedErrorId : Na 
   tiveCommandError
 
[31merror during build:
[31msrc/components/FileUploader.
jsx (4:9): "LuUploadCloud" is 
not exported by "node_modules/rea
ct-icons/lu/index.mjs", imported 
by "src/components/FileUploader.j
sx".[31m
file: [36mC:/Users/Mohd. 
Altamash Rizwi/Desktop/Sniper Thi
nk/frontend/src/components/FileUp
loader.jsx:4:9[31m
[33m
2: import { motion } from 
"framer-motion";
3: import { uploadFile, 
getJobStatus } from 
"../services/api";
4: import { LuUploadCloud, 
LuFileText, LuCheckCircle } from 
"react-icons/lu";
            ^
5: 
6: const FileUploader = () => {
[31m
    at getRollupError (file:///C:
/Users/Mohd.%20Altamash%20Rizwi/D
esktop/Sniper%20Think/frontend/no
de_modules/rollup/dist/es/shared/
parseAst.js:402:41)
    at error (file:///C:/Users/Mo
hd.%20Altamash%20Rizwi/Desktop/Sn
iper%20Think/frontend/node_module
s/rollup/dist/es/shared/parseAst.
js:398:42)
    at Module.error (file:///C:/U
sers/Mohd.%20Altamash%20Rizwi/Des
ktop/Sniper%20Think/frontend/node
_modules/rollup/dist/es/shared/no
de-entry.js:17040:16)
    at Module.traceVariable (file
:///C:/Users/Mohd.%20Altamash%20R
izwi/Desktop/Sniper%20Think/front
end/node_modules/rollup/dist/es/s
hared/node-entry.js:17452:29)
    at ModuleScope.findVariable (
file:///C:/Users/Mohd.%20Altamash
%20Rizwi/Desktop/Sniper%20Think/f
rontend/node_modules/rollup/dist/
es/shared/node-entry.js:15070:39)
    at 
ReturnValueScope.findVariable (fi
le:///C:/Users/Mohd.%20Altamash%2
0Rizwi/Desktop/Sniper%20Think/fro
ntend/node_modules/rollup/dist/es
/shared/node-entry.js:5673:38)
    at 
FunctionBodyScope.findVariable (f
ile:///C:/Users/Mohd.%20Altamash%
20Rizwi/Desktop/Sniper%20Think/fr
ontend/node_modules/rollup/dist/e
s/shared/node-entry.js:5673:38)
    at Identifier.bind (file:///C
:/Users/Mohd.%20Altamash%20Rizwi/
Desktop/Sniper%20Think/frontend/n
ode_modules/rollup/dist/es/shared
/node-entry.js:5447:40)
    at CallExpression.bind (file:
///C:/Users/Mohd.%20Altamash%20Ri
zwi/Desktop/Sniper%20Think/fronte
nd/node_modules/rollup/dist/es/sh
ared/node-entry.js:2825:28)
    at CallExpression.bind (file:
///C:/Users/Mohd.%20Altamash%20Ri
zwi/Desktop/Sniper%20Think/fronte
nd/node_modules/rollup/dist/es/sh
ared/node-entry.js:12179:15)[39m
